Test Suite Results:
- Total Tests: 817
- Passed: 657
- Skipped: 158
- Failed: 1
- Warnings: 2

Failures:
- tests/test_makefile_portability.py::TestMakefilePortability::test_makefile_targets_on_macos

Test Duration: 77.64s (1 minute 17 seconds)

Detailed Skipped Tests:
- Some skipped tests related to LiveKit service management
- Mocking and environment-specific tests (Linux, macOS)
- Some AudioDevice and silence detection tests
- TTS stability and API-related tests

Overall Status: Most tests passed successfully. The single failure is in a platform-specific Makefile test, which does not appear to be related to the changes in the converse.py tool description.